OpenROAD 26Q3-1867-g84e3ff1eb2 
Features included (+) or not (-): +GPU +GUI +Python
This program is licensed under the BSD-3 license. See the LICENSE file for details.
Components of this program may be licensed under more restrictive licenses which must be honored.
============================================================
 ACCELCLOSURE FMAX SEARCH ITERATION 1
============================================================
DESIGN_NAME=accelclosure_ws_array
SEARCH_PERIOD_NS=7.827
SEARCH_FREQUENCY_MHZ=127.763
CORNER=sky130hd_tt_025C_1v80

================ DESIGN AREA =================
Design area 1596175 um^2 100% utilization.

================ DATABASE INSTANCE COUNT =================
ACCELCLOSURE_INSTANCE_COUNT=120097

================ CLOCK =================
Clock                   Period          Waveform
----------------------------------------------------
core_clock                7.83        0.00      3.91

================ WORST SETUP SLACK =================
worst slack max -0.24

================ WNS =================
wns max -0.24

================ TNS =================
tns max -0.56

================ WORST SETUP PATH =================
Startpoint: act_data_in[103] (input port clocked by core_clock)
Endpoint: gen_pe_row[12].gen_pe_col[0].pe_inst.psum_out[30]$_DFF_PN0_
          (rising edge-triggered flip-flop clocked by core_clock)
Path Group: core_clock
Path Type: max

      Cap      Slew     Delay      Time   Description
-------------------------------------------------------------------------------
             0.0000    0.0000    0.0000   clock core_clock (rise edge)
                       0.0000    0.0000   clock network delay (ideal)
                       1.5654    1.5654 ^ input external delay
   0.0149    0.0000    0.0000    1.5654 ^ act_data_in[103] (in)
                                          act_data_in[103] (net)
             0.0000    0.0000    1.5654 ^ _199724_/A (sky130_fd_sc_hd__and2_1)
   0.1514    1.4440    1.0705    2.6359 ^ _199724_/X (sky130_fd_sc_hd__and2_1)
                                          _002099_ (net)
             1.4440    0.0000    2.6359 ^ _219415_/B (sky130_fd_sc_hd__fa_1)
   0.0066    0.0976    0.6251    3.2611 v _219415_/SUM (sky130_fd_sc_hd__fa_1)
                                          _081232_ (net)
             0.0976    0.0000    3.2611 v _219341_/A (sky130_fd_sc_hd__fa_1)
   0.0066    0.0977    0.5120    3.7730 v _219341_/SUM (sky130_fd_sc_hd__fa_1)
                                          _081028_ (net)
             0.0977    0.0000    3.7730 v _219259_/A (sky130_fd_sc_hd__fa_1)
   0.0062    0.0841    0.5689    4.3419 ^ _219259_/SUM (sky130_fd_sc_hd__fa_1)
                                          _080950_ (net)
             0.0841    0.0000    4.3419 ^ _219227_/B (sky130_fd_sc_hd__fa_1)
   0.0059    0.0940    0.4373    4.7792 v _219227_/SUM (sky130_fd_sc_hd__fa_1)
                                          _080815_ (net)
             0.0940    0.0000    4.7792 v _219198_/B (sky130_fd_sc_hd__fa_1)
   0.0029    0.0776    0.4608    5.2400 v _219198_/SUM (sky130_fd_sc_hd__fa_1)
                                          _080818_ (net)
             0.0776    0.0000    5.2400 v _253887_/A (sky130_fd_sc_hd__ha_1)
   0.0136    0.1019    0.3574    5.5974 v _253887_/SUM (sky130_fd_sc_hd__ha_1)
                                          _020828_ (net)
             0.1019    0.0000    5.5974 v _162747_/A1 (sky130_fd_sc_hd__o21a_1)
   0.0127    0.0805    0.2466    5.8440 v _162747_/X (sky130_fd_sc_hd__o21a_1)
                                          _043797_ (net)
             0.0805    0.0000    5.8440 v _162748_/A2 (sky130_fd_sc_hd__a2111oi_4)
   0.0077    0.2864    0.3802    6.2241 ^ _162748_/Y (sky130_fd_sc_hd__a2111oi_4)
                                          _043798_ (net)
             0.2864    0.0000    6.2241 ^ _167438_/A3 (sky130_fd_sc_hd__o311ai_1)
   0.0045    0.0960    0.1362    6.3603 v _167438_/Y (sky130_fd_sc_hd__o311ai_1)
                                          _047765_ (net)
             0.0960    0.0000    6.3603 v _167442_/B1 (sky130_fd_sc_hd__a22o_1)
   0.0066    0.0593    0.2137    6.5740 v _167442_/X (sky130_fd_sc_hd__a22o_1)
                                          _047769_ (net)
             0.0593    0.0000    6.5740 v _167447_/A4 (sky130_fd_sc_hd__a41o_1)
   0.0050    0.0506    0.2488    6.8228 v _167447_/X (sky130_fd_sc_hd__a41o_1)
                                          _047774_ (net)
             0.0506    0.0000    6.8228 v _169909_/D (sky130_fd_sc_hd__or4_1)
   0.0023    0.0802    0.3871    7.2099 v _169909_/X (sky130_fd_sc_hd__or4_1)
                                          _049832_ (net)
             0.0802    0.0000    7.2099 v _169913_/A2 (sky130_fd_sc_hd__a31oi_1)
   0.0071    0.2164    0.2375    7.4474 ^ _169913_/Y (sky130_fd_sc_hd__a31oi_1)
                                          _049836_ (net)
             0.2164    0.0000    7.4474 ^ _169914_/A2 (sky130_fd_sc_hd__o21bai_1)
   0.0046    0.0647    0.1015    7.5489 v _169914_/Y (sky130_fd_sc_hd__o21bai_1)
                                          _049837_ (net)
             0.0647    0.0000    7.5489 v _169915_/A2 (sky130_fd_sc_hd__a21oi_2)
   0.0071    0.1262    0.1628    7.7117 ^ _169915_/Y (sky130_fd_sc_hd__a21oi_2)
                                          _049838_ (net)
             0.1262    0.0000    7.7117 ^ _169918_/A2 (sky130_fd_sc_hd__a21oi_1)
   0.0042    0.0556    0.0900    7.8017 v _169918_/Y (sky130_fd_sc_hd__a21oi_1)
                                          _049841_ (net)
             0.0556    0.0000    7.8017 v _169919_/B (sky130_fd_sc_hd__xor2_1)
   0.0019    0.0521    0.1345    7.9362 v _169919_/X (sky130_fd_sc_hd__xor2_1)
                                          _036254_ (net)
             0.0521    0.0000    7.9362 v gen_pe_row[12].gen_pe_col[0].pe_inst.psum_out[30]$_DFF_PN0_/D (sky130_fd_sc_hd__dfrtp_1)
                                 7.9362   data arrival time

             0.0000    7.8270    7.8270   clock core_clock (rise edge)
                       0.0000    7.8270   clock network delay (ideal)
                       0.0000    7.8270   clock reconvergence pessimism
                                 7.8270 ^ gen_pe_row[12].gen_pe_col[0].pe_inst.psum_out[30]$_DFF_PN0_/CLK (sky130_fd_sc_hd__dfrtp_1)
                      -0.1277    7.6993   library setup time
                                 7.6993   data required time
-------------------------------------------------------------------------------
                                 7.6993   data required time
                                -7.9362   data arrival time
-------------------------------------------------------------------------------
                                -0.2369   slack (VIOLATED)



================ MINIMUM CLOCK PERIOD =================
core_clock period_min = 6.84 fmax = 146.17

ACCELCLOSURE_FMAX_ITER1_COMPLETE
