
==========================================================================
finish report_tns
--------------------------------------------------------------------------
tns max 0.00

==========================================================================
finish report_wns
--------------------------------------------------------------------------
wns max 0.00

==========================================================================
finish report_worst_slack
--------------------------------------------------------------------------
worst slack max 1.86

==========================================================================
finish report_clock_min_period
--------------------------------------------------------------------------
core_clock period_min = 4.80 fmax = 208.18

==========================================================================
finish report_clock_skew
--------------------------------------------------------------------------
Clock core_clock
   2.12 source latency weight_load_data_reg[45]$_DFF_PN0_/CLK ^
  -1.93 target latency gen_pe_row[10].gen_pe_col[5].pe_inst.weight_reg[5]$_DFFE_PN0P_/CLK ^
   0.00 CRPR
--------------
   0.18 setup skew


==========================================================================
finish report_checks -path_delay min
--------------------------------------------------------------------------
Startpoint: gen_pe_row[12].gen_pe_col[3].pe_inst.psum_out[0]$_DFF_PN0_
            (rising edge-triggered flip-flop clocked by core_clock)
Endpoint: gen_pe_row[13].gen_pe_col[3].pe_inst.psum_reg[0]$_DFF_PN0_
          (rising edge-triggered flip-flop clocked by core_clock)
Path Group: core_clock
Path Type: min

Fanout     Cap    Slew   Delay    Time   Description
-----------------------------------------------------------------------------
                          0.00    0.00   clock core_clock (rise edge)
                          0.00    0.00   clock source latency
     6    0.17    0.00    0.00    0.00 ^ clk (in)
                                         clk (net)
                  0.03    0.01    0.01 ^ wire2775/A (sky130_fd_sc_hd__buf_12)
     1    0.14    0.17    0.18    0.19 ^ wire2775/X (sky130_fd_sc_hd__buf_12)
                                         net2775 (net)
                  0.17    0.02    0.21 ^ clkbuf_0_clk/A (sky130_fd_sc_hd__clkbuf_16)
     2    0.11    0.12    0.23    0.44 ^ clkbuf_0_clk/X (sky130_fd_sc_hd__clkbuf_16)
                                         clknet_0_clk (net)
                  0.12    0.00    0.45 ^ clkbuf_1_1_0_clk/A (sky130_fd_sc_hd__clkbuf_16)
     4    0.12    0.13    0.23    0.67 ^ clkbuf_1_1_0_clk/X (sky130_fd_sc_hd__clkbuf_16)
                                         clknet_1_1_0_clk (net)
                  0.13    0.01    0.68 ^ clkbuf_2_3_0_clk/A (sky130_fd_sc_hd__clkbuf_16)
     3    0.08    0.10    0.20    0.88 ^ clkbuf_2_3_0_clk/X (sky130_fd_sc_hd__clkbuf_16)
                                         clknet_2_3_0_clk (net)
                  0.10    0.00    0.89 ^ clkbuf_3_7_0_clk/A (sky130_fd_sc_hd__clkbuf_16)
     2    0.11    0.12    0.21    1.10 ^ clkbuf_3_7_0_clk/X (sky130_fd_sc_hd__clkbuf_16)
                                         clknet_3_7_0_clk (net)
                  0.12    0.01    1.10 ^ clkbuf_4_15_0_clk/A (sky130_fd_sc_hd__clkbuf_16)
     4    0.14    0.15    0.24    1.34 ^ clkbuf_4_15_0_clk/X (sky130_fd_sc_hd__clkbuf_16)
                                         clknet_4_15_0_clk (net)
                  0.15    0.00    1.35 ^ clkbuf_6_61_0_clk/A (sky130_fd_sc_hd__clkbuf_16)
     4    0.07    0.09    0.20    1.55 ^ clkbuf_6_61_0_clk/X (sky130_fd_sc_hd__clkbuf_16)
                                         clknet_6_61_0_clk (net)
                  0.09    0.00    1.55 ^ clkbuf_8_245__f_clk/A (sky130_fd_sc_hd__clkbuf_16)
     7    0.10    0.12    0.20    1.75 ^ clkbuf_8_245__f_clk/X (sky130_fd_sc_hd__clkbuf_16)
                                         clknet_8_245__leaf_clk (net)
                  0.12    0.00    1.76 ^ clkbuf_leaf_1446_clk/A (sky130_fd_sc_hd__clkbuf_16)
    11    0.03    0.05    0.16    1.92 ^ clkbuf_leaf_1446_clk/X (sky130_fd_sc_hd__clkbuf_16)
                                         clknet_leaf_1446_clk (net)
                  0.05    0.00    1.92 ^ gen_pe_row[12].gen_pe_col[3].pe_inst.psum_out[0]$_DFF_PN0_/CLK (sky130_fd_sc_hd__dfrtp_1)
     1    0.00    0.05    0.32    2.24 ^ gen_pe_row[12].gen_pe_col[3].pe_inst.psum_out[0]$_DFF_PN0_/Q (sky130_fd_sc_hd__dfrtp_1)
                                         gen_pe_row[12].gen_pe_col[3].pe_inst.psum_out[0] (net)
                  0.05    0.00    2.24 ^ gen_pe_row[13].gen_pe_col[3].pe_inst.psum_reg[0]$_DFF_PN0_/D (sky130_fd_sc_hd__dfrtp_1)
                                  2.24   data arrival time

                          0.00    0.00   clock core_clock (rise edge)
                          0.00    0.00   clock source latency
     6    0.17    0.00    0.00    0.00 ^ clk (in)
                                         clk (net)
                  0.03    0.01    0.01 ^ wire2775/A (sky130_fd_sc_hd__buf_12)
     1    0.14    0.17    0.18    0.19 ^ wire2775/X (sky130_fd_sc_hd__buf_12)
                                         net2775 (net)
                  0.17    0.02    0.21 ^ clkbuf_0_clk/A (sky130_fd_sc_hd__clkbuf_16)
     2    0.11    0.12    0.23    0.44 ^ clkbuf_0_clk/X (sky130_fd_sc_hd__clkbuf_16)
                                         clknet_0_clk (net)
                  0.12    0.00    0.45 ^ clkbuf_1_1_0_clk/A (sky130_fd_sc_hd__clkbuf_16)
     4    0.12    0.13    0.23    0.67 ^ clkbuf_1_1_0_clk/X (sky130_fd_sc_hd__clkbuf_16)
                                         clknet_1_1_0_clk (net)
                  0.13    0.01    0.68 ^ clkbuf_2_3_0_clk/A (sky130_fd_sc_hd__clkbuf_16)
     3    0.08    0.10    0.20    0.88 ^ clkbuf_2_3_0_clk/X (sky130_fd_sc_hd__clkbuf_16)
                                         clknet_2_3_0_clk (net)
                  0.10    0.01    0.89 ^ clkbuf_3_6_0_clk/A (sky130_fd_sc_hd__clkbuf_16)
     2    0.11    0.13    0.21    1.10 ^ clkbuf_3_6_0_clk/X (sky130_fd_sc_hd__clkbuf_16)
                                         clknet_3_6_0_clk (net)
                  0.13    0.01    1.11 ^ clkbuf_4_13_0_clk/A (sky130_fd_sc_hd__clkbuf_16)
     4    0.14    0.15    0.24    1.35 ^ clkbuf_4_13_0_clk/X (sky130_fd_sc_hd__clkbuf_16)
                                         clknet_4_13_0_clk (net)
                  0.16    0.00    1.36 ^ clkbuf_6_54_0_clk/A (sky130_fd_sc_hd__clkbuf_16)
     4    0.08    0.10    0.21    1.56 ^ clkbuf_6_54_0_clk/X (sky130_fd_sc_hd__clkbuf_16)
                                         clknet_6_54_0_clk (net)
                  0.10    0.00    1.57 ^ clkbuf_8_218__f_clk/A (sky130_fd_sc_hd__clkbuf_16)
    17    0.22    0.23    0.29    1.85 ^ clkbuf_8_218__f_clk/X (sky130_fd_sc_hd__clkbuf_16)
                                         clknet_8_218__leaf_clk (net)
                  0.23    0.01    1.86 ^ clkbuf_leaf_1447_clk/A (sky130_fd_sc_hd__clkbuf_16)
     9    0.04    0.06    0.20    2.06 ^ clkbuf_leaf_1447_clk/X (sky130_fd_sc_hd__clkbuf_16)
                                         clknet_leaf_1447_clk (net)
                  0.06    0.00    2.07 ^ gen_pe_row[13].gen_pe_col[3].pe_inst.psum_reg[0]$_DFF_PN0_/CLK (sky130_fd_sc_hd__dfrtp_1)
                          0.00    2.07   clock reconvergence pessimism
                         -0.03    2.03   library hold time
                                  2.03   data required time
-----------------------------------------------------------------------------
                                  2.03   data required time
                                 -2.24   data arrival time
-----------------------------------------------------------------------------
                                  0.21   slack (MET)



==========================================================================
finish report_checks -path_delay max
--------------------------------------------------------------------------
Startpoint: gen_pe_row[15].gen_pe_col[4].pe_inst.weight_reg[2]$_DFFE_PN0P_
            (rising edge-triggered flip-flop clocked by core_clock)
Endpoint: gen_pe_row[15].gen_pe_col[4].pe_inst.product_reg[15]$_DFF_PN0_
          (rising edge-triggered flip-flop clocked by core_clock)
Path Group: core_clock
Path Type: max

Fanout     Cap    Slew   Delay    Time   Description
-----------------------------------------------------------------------------
                          0.00    0.00   clock core_clock (rise edge)
                          0.00    0.00   clock source latency
     6    0.17    0.00    0.00    0.00 ^ clk (in)
                                         clk (net)
                  0.03    0.01    0.01 ^ wire2775/A (sky130_fd_sc_hd__buf_12)
     1    0.14    0.17    0.18    0.19 ^ wire2775/X (sky130_fd_sc_hd__buf_12)
                                         net2775 (net)
                  0.17    0.02    0.21 ^ clkbuf_0_clk/A (sky130_fd_sc_hd__clkbuf_16)
     2    0.11    0.12    0.23    0.44 ^ clkbuf_0_clk/X (sky130_fd_sc_hd__clkbuf_16)
                                         clknet_0_clk (net)
                  0.12    0.00    0.45 ^ clkbuf_1_1_0_clk/A (sky130_fd_sc_hd__clkbuf_16)
     4    0.12    0.13    0.23    0.67 ^ clkbuf_1_1_0_clk/X (sky130_fd_sc_hd__clkbuf_16)
                                         clknet_1_1_0_clk (net)
                  0.13    0.01    0.68 ^ clkbuf_2_3_0_clk/A (sky130_fd_sc_hd__clkbuf_16)
     3    0.08    0.10    0.20    0.88 ^ clkbuf_2_3_0_clk/X (sky130_fd_sc_hd__clkbuf_16)
                                         clknet_2_3_0_clk (net)
                  0.10    0.01    0.89 ^ clkbuf_3_6_0_clk/A (sky130_fd_sc_hd__clkbuf_16)
     2    0.11    0.13    0.21    1.10 ^ clkbuf_3_6_0_clk/X (sky130_fd_sc_hd__clkbuf_16)
                                         clknet_3_6_0_clk (net)
                  0.13    0.01    1.11 ^ clkbuf_4_13_0_clk/A (sky130_fd_sc_hd__clkbuf_16)
     4    0.14    0.15    0.24    1.35 ^ clkbuf_4_13_0_clk/X (sky130_fd_sc_hd__clkbuf_16)
                                         clknet_4_13_0_clk (net)
                  0.16    0.01    1.36 ^ clkbuf_6_53_0_clk/A (sky130_fd_sc_hd__clkbuf_16)
     4    0.07    0.09    0.20    1.56 ^ clkbuf_6_53_0_clk/X (sky130_fd_sc_hd__clkbuf_16)
                                         clknet_6_53_0_clk (net)
                  0.09    0.00    1.56 ^ clkbuf_8_213__f_clk/A (sky130_fd_sc_hd__clkbuf_16)
    21    0.29    0.29    0.33    1.89 ^ clkbuf_8_213__f_clk/X (sky130_fd_sc_hd__clkbuf_16)
                                         clknet_8_213__leaf_clk (net)
                  0.29    0.01    1.89 ^ clkbuf_leaf_1556_clk/A (sky130_fd_sc_hd__clkbuf_16)
    11    0.04    0.06    0.22    2.11 ^ clkbuf_leaf_1556_clk/X (sky130_fd_sc_hd__clkbuf_16)
                                         clknet_leaf_1556_clk (net)
                  0.06    0.00    2.11 ^ gen_pe_row[15].gen_pe_col[4].pe_inst.weight_reg[2]$_DFFE_PN0P_/CLK (sky130_fd_sc_hd__dfrtp_1)
     9    0.03    0.17    0.48    2.60 v gen_pe_row[15].gen_pe_col[4].pe_inst.weight_reg[2]$_DFFE_PN0P_/Q (sky130_fd_sc_hd__dfrtp_1)
                                         gen_pe_row[15].gen_pe_col[4].pe_inst.weight_reg[2] (net)
                  0.17    0.00    2.60 v _188851_/B (sky130_fd_sc_hd__and2_1)
     1    0.01    0.05    0.23    2.82 v _188851_/X (sky130_fd_sc_hd__and2_1)
                                         _014227_ (net)
                  0.05    0.00    2.82 v _217447_/A (sky130_fd_sc_hd__fa_1)
     1    0.01    0.09    0.44    3.26 v _217447_/COUT (sky130_fd_sc_hd__fa_1)
                                         _115842_ (net)
                  0.09    0.00    3.26 v _220308_/CIN (sky130_fd_sc_hd__fa_1)
     1    0.01    0.10    0.48    3.74 v _220308_/SUM (sky130_fd_sc_hd__fa_1)
                                         _115725_ (net)
                  0.10    0.00    3.74 v _217395_/A (sky130_fd_sc_hd__fa_1)
     1    0.01    0.09    0.57    4.32 ^ _217395_/SUM (sky130_fd_sc_hd__fa_1)
                                         _114432_ (net)
                  0.09    0.00    4.32 ^ _216867_/B (sky130_fd_sc_hd__fa_1)
     1    0.00    0.08    0.43    4.75 v _216867_/SUM (sky130_fd_sc_hd__fa_1)
                                         _114435_ (net)
                  0.08    0.00    4.75 v _229458_/A (sky130_fd_sc_hd__ha_1)
     3    0.01    0.09    0.35    5.09 v _229458_/SUM (sky130_fd_sc_hd__ha_1)
                                         _028864_ (net)
                  0.09    0.00    5.09 v _147645_/A1 (sky130_fd_sc_hd__a21oi_1)
     2    0.01    0.26    0.25    5.35 ^ _147645_/Y (sky130_fd_sc_hd__a21oi_1)
                                         _074687_ (net)
                  0.26    0.00    5.35 ^ _147646_/A2 (sky130_fd_sc_hd__o21bai_1)
     1    0.00    0.06    0.10    5.45 v _147646_/Y (sky130_fd_sc_hd__o21bai_1)
                                         _074688_ (net)
                  0.06    0.00    5.45 v _147647_/A2 (sky130_fd_sc_hd__a21oi_1)
     2    0.01    0.27    0.27    5.72 ^ _147647_/Y (sky130_fd_sc_hd__a21oi_1)
                                         _074689_ (net)
                  0.27    0.00    5.72 ^ _159025_/A (sky130_fd_sc_hd__nor2b_1)
     1    0.00    0.07    0.09    5.81 v _159025_/Y (sky130_fd_sc_hd__nor2b_1)
                                         _084114_ (net)
                  0.07    0.00    5.81 v _159026_/A2 (sky130_fd_sc_hd__o21a_1)
     2    0.01    0.05    0.19    6.00 v _159026_/X (sky130_fd_sc_hd__o21a_1)
                                         _084115_ (net)
                  0.05    0.00    6.00 v _159029_/A3 (sky130_fd_sc_hd__o31a_1)
     2    0.01    0.07    0.27    6.27 v _159029_/X (sky130_fd_sc_hd__o31a_1)
                                         _084118_ (net)
                  0.07    0.00    6.27 v _166351_/A4 (sky130_fd_sc_hd__o41ai_1)
     1    0.01    0.41    0.36    6.63 ^ _166351_/Y (sky130_fd_sc_hd__o41ai_1)
                                         _090170_ (net)
                  0.41    0.00    6.63 ^ _166352_/B (sky130_fd_sc_hd__xnor2_1)
     1    0.00    0.11    0.17    6.80 ^ _166352_/Y (sky130_fd_sc_hd__xnor2_1)
                                         _047801_ (net)
                  0.11    0.00    6.80 ^ gen_pe_row[15].gen_pe_col[4].pe_inst.product_reg[15]$_DFF_PN0_/D (sky130_fd_sc_hd__dfrtp_1)
                                  6.80   data arrival time

                          6.67    6.67   clock core_clock (rise edge)
                          0.00    6.67   clock source latency
     6    0.17    0.00    0.00    6.67 ^ clk (in)
                                         clk (net)
                  0.03    0.01    6.68 ^ wire2775/A (sky130_fd_sc_hd__buf_12)
     1    0.14    0.17    0.18    6.86 ^ wire2775/X (sky130_fd_sc_hd__buf_12)
                                         net2775 (net)
                  0.17    0.02    6.88 ^ clkbuf_0_clk/A (sky130_fd_sc_hd__clkbuf_16)
     2    0.11    0.12    0.23    7.11 ^ clkbuf_0_clk/X (sky130_fd_sc_hd__clkbuf_16)
                                         clknet_0_clk (net)
                  0.12    0.00    7.11 ^ clkbuf_1_1_0_clk/A (sky130_fd_sc_hd__clkbuf_16)
     4    0.12    0.13    0.23    7.34 ^ clkbuf_1_1_0_clk/X (sky130_fd_sc_hd__clkbuf_16)
                                         clknet_1_1_0_clk (net)
                  0.13    0.01    7.35 ^ clkbuf_2_3_0_clk/A (sky130_fd_sc_hd__clkbuf_16)
     3    0.08    0.10    0.20    7.55 ^ clkbuf_2_3_0_clk/X (sky130_fd_sc_hd__clkbuf_16)
                                         clknet_2_3_0_clk (net)
                  0.10    0.01    7.55 ^ clkbuf_3_6_0_clk/A (sky130_fd_sc_hd__clkbuf_16)
     2    0.11    0.13    0.21    7.77 ^ clkbuf_3_6_0_clk/X (sky130_fd_sc_hd__clkbuf_16)
                                         clknet_3_6_0_clk (net)
                  0.13    0.01    7.77 ^ clkbuf_4_13_0_clk/A (sky130_fd_sc_hd__clkbuf_16)
     4    0.14    0.15    0.24    8.02 ^ clkbuf_4_13_0_clk/X (sky130_fd_sc_hd__clkbuf_16)
                                         clknet_4_13_0_clk (net)
                  0.16    0.01    8.02 ^ clkbuf_6_53_0_clk/A (sky130_fd_sc_hd__clkbuf_16)
     4    0.07    0.09    0.20    8.23 ^ clkbuf_6_53_0_clk/X (sky130_fd_sc_hd__clkbuf_16)
                                         clknet_6_53_0_clk (net)
                  0.09    0.00    8.23 ^ clkbuf_8_212__f_clk/A (sky130_fd_sc_hd__clkbuf_16)
    15    0.23    0.24    0.29    8.52 ^ clkbuf_8_212__f_clk/X (sky130_fd_sc_hd__clkbuf_16)
                                         clknet_8_212__leaf_clk (net)
                  0.24    0.01    8.52 ^ clkbuf_leaf_1594_clk/A (sky130_fd_sc_hd__clkbuf_16)
    14    0.04    0.07    0.21    8.73 ^ clkbuf_leaf_1594_clk/X (sky130_fd_sc_hd__clkbuf_16)
                                         clknet_leaf_1594_clk (net)
                  0.07    0.00    8.73 ^ gen_pe_row[15].gen_pe_col[4].pe_inst.product_reg[15]$_DFF_PN0_/CLK (sky130_fd_sc_hd__dfrtp_1)
                          0.00    8.73   clock reconvergence pessimism
                         -0.07    8.66   library setup time
                                  8.66   data required time
-----------------------------------------------------------------------------
                                  8.66   data required time
                                 -6.80   data arrival time
-----------------------------------------------------------------------------
                                  1.86   slack (MET)



==========================================================================
finish report_checks -unconstrained
--------------------------------------------------------------------------
Startpoint: gen_pe_row[15].gen_pe_col[4].pe_inst.weight_reg[2]$_DFFE_PN0P_
            (rising edge-triggered flip-flop clocked by core_clock)
Endpoint: gen_pe_row[15].gen_pe_col[4].pe_inst.product_reg[15]$_DFF_PN0_
          (rising edge-triggered flip-flop clocked by core_clock)
Path Group: core_clock
Path Type: max

Fanout     Cap    Slew   Delay    Time   Description
-----------------------------------------------------------------------------
                          0.00    0.00   clock core_clock (rise edge)
                          0.00    0.00   clock source latency
     6    0.17    0.00    0.00    0.00 ^ clk (in)
                                         clk (net)
                  0.03    0.01    0.01 ^ wire2775/A (sky130_fd_sc_hd__buf_12)
     1    0.14    0.17    0.18    0.19 ^ wire2775/X (sky130_fd_sc_hd__buf_12)
                                         net2775 (net)
                  0.17    0.02    0.21 ^ clkbuf_0_clk/A (sky130_fd_sc_hd__clkbuf_16)
     2    0.11    0.12    0.23    0.44 ^ clkbuf_0_clk/X (sky130_fd_sc_hd__clkbuf_16)
                                         clknet_0_clk (net)
                  0.12    0.00    0.45 ^ clkbuf_1_1_0_clk/A (sky130_fd_sc_hd__clkbuf_16)
     4    0.12    0.13    0.23    0.67 ^ clkbuf_1_1_0_clk/X (sky130_fd_sc_hd__clkbuf_16)
                                         clknet_1_1_0_clk (net)
                  0.13    0.01    0.68 ^ clkbuf_2_3_0_clk/A (sky130_fd_sc_hd__clkbuf_16)
     3    0.08    0.10    0.20    0.88 ^ clkbuf_2_3_0_clk/X (sky130_fd_sc_hd__clkbuf_16)
                                         clknet_2_3_0_clk (net)
                  0.10    0.01    0.89 ^ clkbuf_3_6_0_clk/A (sky130_fd_sc_hd__clkbuf_16)
     2    0.11    0.13    0.21    1.10 ^ clkbuf_3_6_0_clk/X (sky130_fd_sc_hd__clkbuf_16)
                                         clknet_3_6_0_clk (net)
                  0.13    0.01    1.11 ^ clkbuf_4_13_0_clk/A (sky130_fd_sc_hd__clkbuf_16)
     4    0.14    0.15    0.24    1.35 ^ clkbuf_4_13_0_clk/X (sky130_fd_sc_hd__clkbuf_16)
                                         clknet_4_13_0_clk (net)
                  0.16    0.01    1.36 ^ clkbuf_6_53_0_clk/A (sky130_fd_sc_hd__clkbuf_16)
     4    0.07    0.09    0.20    1.56 ^ clkbuf_6_53_0_clk/X (sky130_fd_sc_hd__clkbuf_16)
                                         clknet_6_53_0_clk (net)
                  0.09    0.00    1.56 ^ clkbuf_8_213__f_clk/A (sky130_fd_sc_hd__clkbuf_16)
    21    0.29    0.29    0.33    1.89 ^ clkbuf_8_213__f_clk/X (sky130_fd_sc_hd__clkbuf_16)
                                         clknet_8_213__leaf_clk (net)
                  0.29    0.01    1.89 ^ clkbuf_leaf_1556_clk/A (sky130_fd_sc_hd__clkbuf_16)
    11    0.04    0.06    0.22    2.11 ^ clkbuf_leaf_1556_clk/X (sky130_fd_sc_hd__clkbuf_16)
                                         clknet_leaf_1556_clk (net)
                  0.06    0.00    2.11 ^ gen_pe_row[15].gen_pe_col[4].pe_inst.weight_reg[2]$_DFFE_PN0P_/CLK (sky130_fd_sc_hd__dfrtp_1)
     9    0.03    0.17    0.48    2.60 v gen_pe_row[15].gen_pe_col[4].pe_inst.weight_reg[2]$_DFFE_PN0P_/Q (sky130_fd_sc_hd__dfrtp_1)
                                         gen_pe_row[15].gen_pe_col[4].pe_inst.weight_reg[2] (net)
                  0.17    0.00    2.60 v _188851_/B (sky130_fd_sc_hd__and2_1)
     1    0.01    0.05    0.23    2.82 v _188851_/X (sky130_fd_sc_hd__and2_1)
                                         _014227_ (net)
                  0.05    0.00    2.82 v _217447_/A (sky130_fd_sc_hd__fa_1)
     1    0.01    0.09    0.44    3.26 v _217447_/COUT (sky130_fd_sc_hd__fa_1)
                                         _115842_ (net)
                  0.09    0.00    3.26 v _220308_/CIN (sky130_fd_sc_hd__fa_1)
     1    0.01    0.10    0.48    3.74 v _220308_/SUM (sky130_fd_sc_hd__fa_1)
                                         _115725_ (net)
                  0.10    0.00    3.74 v _217395_/A (sky130_fd_sc_hd__fa_1)
     1    0.01    0.09    0.57    4.32 ^ _217395_/SUM (sky130_fd_sc_hd__fa_1)
                                         _114432_ (net)
                  0.09    0.00    4.32 ^ _216867_/B (sky130_fd_sc_hd__fa_1)
     1    0.00    0.08    0.43    4.75 v _216867_/SUM (sky130_fd_sc_hd__fa_1)
                                         _114435_ (net)
                  0.08    0.00    4.75 v _229458_/A (sky130_fd_sc_hd__ha_1)
     3    0.01    0.09    0.35    5.09 v _229458_/SUM (sky130_fd_sc_hd__ha_1)
                                         _028864_ (net)
                  0.09    0.00    5.09 v _147645_/A1 (sky130_fd_sc_hd__a21oi_1)
     2    0.01    0.26    0.25    5.35 ^ _147645_/Y (sky130_fd_sc_hd__a21oi_1)
                                         _074687_ (net)
                  0.26    0.00    5.35 ^ _147646_/A2 (sky130_fd_sc_hd__o21bai_1)
     1    0.00    0.06    0.10    5.45 v _147646_/Y (sky130_fd_sc_hd__o21bai_1)
                                         _074688_ (net)
                  0.06    0.00    5.45 v _147647_/A2 (sky130_fd_sc_hd__a21oi_1)
     2    0.01    0.27    0.27    5.72 ^ _147647_/Y (sky130_fd_sc_hd__a21oi_1)
                                         _074689_ (net)
                  0.27    0.00    5.72 ^ _159025_/A (sky130_fd_sc_hd__nor2b_1)
     1    0.00    0.07    0.09    5.81 v _159025_/Y (sky130_fd_sc_hd__nor2b_1)
                                         _084114_ (net)
                  0.07    0.00    5.81 v _159026_/A2 (sky130_fd_sc_hd__o21a_1)
     2    0.01    0.05    0.19    6.00 v _159026_/X (sky130_fd_sc_hd__o21a_1)
                                         _084115_ (net)
                  0.05    0.00    6.00 v _159029_/A3 (sky130_fd_sc_hd__o31a_1)
     2    0.01    0.07    0.27    6.27 v _159029_/X (sky130_fd_sc_hd__o31a_1)
                                         _084118_ (net)
                  0.07    0.00    6.27 v _166351_/A4 (sky130_fd_sc_hd__o41ai_1)
     1    0.01    0.41    0.36    6.63 ^ _166351_/Y (sky130_fd_sc_hd__o41ai_1)
                                         _090170_ (net)
                  0.41    0.00    6.63 ^ _166352_/B (sky130_fd_sc_hd__xnor2_1)
     1    0.00    0.11    0.17    6.80 ^ _166352_/Y (sky130_fd_sc_hd__xnor2_1)
                                         _047801_ (net)
                  0.11    0.00    6.80 ^ gen_pe_row[15].gen_pe_col[4].pe_inst.product_reg[15]$_DFF_PN0_/D (sky130_fd_sc_hd__dfrtp_1)
                                  6.80   data arrival time

                          6.67    6.67   clock core_clock (rise edge)
                          0.00    6.67   clock source latency
     6    0.17    0.00    0.00    6.67 ^ clk (in)
                                         clk (net)
                  0.03    0.01    6.68 ^ wire2775/A (sky130_fd_sc_hd__buf_12)
     1    0.14    0.17    0.18    6.86 ^ wire2775/X (sky130_fd_sc_hd__buf_12)
                                         net2775 (net)
                  0.17    0.02    6.88 ^ clkbuf_0_clk/A (sky130_fd_sc_hd__clkbuf_16)
     2    0.11    0.12    0.23    7.11 ^ clkbuf_0_clk/X (sky130_fd_sc_hd__clkbuf_16)
                                         clknet_0_clk (net)
                  0.12    0.00    7.11 ^ clkbuf_1_1_0_clk/A (sky130_fd_sc_hd__clkbuf_16)
     4    0.12    0.13    0.23    7.34 ^ clkbuf_1_1_0_clk/X (sky130_fd_sc_hd__clkbuf_16)
                                         clknet_1_1_0_clk (net)
                  0.13    0.01    7.35 ^ clkbuf_2_3_0_clk/A (sky130_fd_sc_hd__clkbuf_16)
     3    0.08    0.10    0.20    7.55 ^ clkbuf_2_3_0_clk/X (sky130_fd_sc_hd__clkbuf_16)
                                         clknet_2_3_0_clk (net)
                  0.10    0.01    7.55 ^ clkbuf_3_6_0_clk/A (sky130_fd_sc_hd__clkbuf_16)
     2    0.11    0.13    0.21    7.77 ^ clkbuf_3_6_0_clk/X (sky130_fd_sc_hd__clkbuf_16)
                                         clknet_3_6_0_clk (net)
                  0.13    0.01    7.77 ^ clkbuf_4_13_0_clk/A (sky130_fd_sc_hd__clkbuf_16)
     4    0.14    0.15    0.24    8.02 ^ clkbuf_4_13_0_clk/X (sky130_fd_sc_hd__clkbuf_16)
                                         clknet_4_13_0_clk (net)
                  0.16    0.01    8.02 ^ clkbuf_6_53_0_clk/A (sky130_fd_sc_hd__clkbuf_16)
     4    0.07    0.09    0.20    8.23 ^ clkbuf_6_53_0_clk/X (sky130_fd_sc_hd__clkbuf_16)
                                         clknet_6_53_0_clk (net)
                  0.09    0.00    8.23 ^ clkbuf_8_212__f_clk/A (sky130_fd_sc_hd__clkbuf_16)
    15    0.23    0.24    0.29    8.52 ^ clkbuf_8_212__f_clk/X (sky130_fd_sc_hd__clkbuf_16)
                                         clknet_8_212__leaf_clk (net)
                  0.24    0.01    8.52 ^ clkbuf_leaf_1594_clk/A (sky130_fd_sc_hd__clkbuf_16)
    14    0.04    0.07    0.21    8.73 ^ clkbuf_leaf_1594_clk/X (sky130_fd_sc_hd__clkbuf_16)
                                         clknet_leaf_1594_clk (net)
                  0.07    0.00    8.73 ^ gen_pe_row[15].gen_pe_col[4].pe_inst.product_reg[15]$_DFF_PN0_/CLK (sky130_fd_sc_hd__dfrtp_1)
                          0.00    8.73   clock reconvergence pessimism
                         -0.07    8.66   library setup time
                                  8.66   data required time
-----------------------------------------------------------------------------
                                  8.66   data required time
                                 -6.80   data arrival time
-----------------------------------------------------------------------------
                                  1.86   slack (MET)



==========================================================================
finish report_check_types -max_slew -max_cap -max_fanout -violators
--------------------------------------------------------------------------

==========================================================================
finish max_slew_check_slack
--------------------------------------------------------------------------
0.30809545516967773

==========================================================================
finish max_slew_check_limit
--------------------------------------------------------------------------
1.4954819679260254

==========================================================================
finish max_slew_check_slack_limit
--------------------------------------------------------------------------
0.2060

==========================================================================
finish max_fanout_check_slack
--------------------------------------------------------------------------
1.0000000150474662e+30

==========================================================================
finish max_fanout_check_limit
--------------------------------------------------------------------------
1.0000000150474662e+30

==========================================================================
finish max_capacitance_check_slack
--------------------------------------------------------------------------
0.0064085666090250015

==========================================================================
finish max_capacitance_check_limit
--------------------------------------------------------------------------
0.021067000925540924

==========================================================================
finish max_capacitance_check_slack_limit
--------------------------------------------------------------------------
0.3042

==========================================================================
finish max_slew_violation_count
--------------------------------------------------------------------------
max slew violation count 0

==========================================================================
finish max_fanout_violation_count
--------------------------------------------------------------------------
max fanout violation count 0

==========================================================================
finish max_cap_violation_count
--------------------------------------------------------------------------
max cap violation count 0

==========================================================================
finish setup_violation_count
--------------------------------------------------------------------------
setup violation count 0

==========================================================================
finish hold_violation_count
--------------------------------------------------------------------------
hold violation count 0

==========================================================================
finish report_checks -path_delay max reg to reg
--------------------------------------------------------------------------
Startpoint: gen_pe_row[15].gen_pe_col[4].pe_inst.weight_reg[2]$_DFFE_PN0P_
            (rising edge-triggered flip-flop clocked by core_clock)
Endpoint: gen_pe_row[15].gen_pe_col[4].pe_inst.product_reg[15]$_DFF_PN0_
          (rising edge-triggered flip-flop clocked by core_clock)
Path Group: core_clock
Path Type: max

  Delay    Time   Description
---------------------------------------------------------
   0.00    0.00   clock core_clock (rise edge)
   0.00    0.00   clock source latency
   0.00    0.00 ^ clk (in)
   0.19    0.19 ^ wire2775/X (sky130_fd_sc_hd__buf_12)
   0.25    0.44 ^ clkbuf_0_clk/X (sky130_fd_sc_hd__clkbuf_16)
   0.23    0.67 ^ clkbuf_1_1_0_clk/X (sky130_fd_sc_hd__clkbuf_16)
   0.21    0.88 ^ clkbuf_2_3_0_clk/X (sky130_fd_sc_hd__clkbuf_16)
   0.22    1.10 ^ clkbuf_3_6_0_clk/X (sky130_fd_sc_hd__clkbuf_16)
   0.25    1.35 ^ clkbuf_4_13_0_clk/X (sky130_fd_sc_hd__clkbuf_16)
   0.21    1.56 ^ clkbuf_6_53_0_clk/X (sky130_fd_sc_hd__clkbuf_16)
   0.33    1.89 ^ clkbuf_8_213__f_clk/X (sky130_fd_sc_hd__clkbuf_16)
   0.23    2.11 ^ clkbuf_leaf_1556_clk/X (sky130_fd_sc_hd__clkbuf_16)
   0.00    2.11 ^ gen_pe_row[15].gen_pe_col[4].pe_inst.weight_reg[2]$_DFFE_PN0P_/CLK (sky130_fd_sc_hd__dfrtp_1)
   0.48    2.60 v gen_pe_row[15].gen_pe_col[4].pe_inst.weight_reg[2]$_DFFE_PN0P_/Q (sky130_fd_sc_hd__dfrtp_1)
   0.23    2.82 v _188851_/X (sky130_fd_sc_hd__and2_1)
   0.44    3.26 v _217447_/COUT (sky130_fd_sc_hd__fa_1)
   0.48    3.74 v _220308_/SUM (sky130_fd_sc_hd__fa_1)
   0.57    4.32 ^ _217395_/SUM (sky130_fd_sc_hd__fa_1)
   0.43    4.75 v _216867_/SUM (sky130_fd_sc_hd__fa_1)
   0.35    5.09 v _229458_/SUM (sky130_fd_sc_hd__ha_1)
   0.25    5.35 ^ _147645_/Y (sky130_fd_sc_hd__a21oi_1)
   0.10    5.45 v _147646_/Y (sky130_fd_sc_hd__o21bai_1)
   0.27    5.72 ^ _147647_/Y (sky130_fd_sc_hd__a21oi_1)
   0.09    5.81 v _159025_/Y (sky130_fd_sc_hd__nor2b_1)
   0.19    6.00 v _159026_/X (sky130_fd_sc_hd__o21a_1)
   0.27    6.27 v _159029_/X (sky130_fd_sc_hd__o31a_1)
   0.36    6.63 ^ _166351_/Y (sky130_fd_sc_hd__o41ai_1)
   0.17    6.80 ^ _166352_/Y (sky130_fd_sc_hd__xnor2_1)
   0.00    6.80 ^ gen_pe_row[15].gen_pe_col[4].pe_inst.product_reg[15]$_DFF_PN0_/D (sky130_fd_sc_hd__dfrtp_1)
           6.80   data arrival time

   6.67    6.67   clock core_clock (rise edge)
   0.00    6.67   clock source latency
   0.00    6.67 ^ clk (in)
   0.19    6.86 ^ wire2775/X (sky130_fd_sc_hd__buf_12)
   0.25    7.11 ^ clkbuf_0_clk/X (sky130_fd_sc_hd__clkbuf_16)
   0.23    7.34 ^ clkbuf_1_1_0_clk/X (sky130_fd_sc_hd__clkbuf_16)
   0.21    7.55 ^ clkbuf_2_3_0_clk/X (sky130_fd_sc_hd__clkbuf_16)
   0.22    7.77 ^ clkbuf_3_6_0_clk/X (sky130_fd_sc_hd__clkbuf_16)
   0.25    8.02 ^ clkbuf_4_13_0_clk/X (sky130_fd_sc_hd__clkbuf_16)
   0.21    8.23 ^ clkbuf_6_53_0_clk/X (sky130_fd_sc_hd__clkbuf_16)
   0.29    8.52 ^ clkbuf_8_212__f_clk/X (sky130_fd_sc_hd__clkbuf_16)
   0.21    8.73 ^ clkbuf_leaf_1594_clk/X (sky130_fd_sc_hd__clkbuf_16)
   0.00    8.73 ^ gen_pe_row[15].gen_pe_col[4].pe_inst.product_reg[15]$_DFF_PN0_/CLK (sky130_fd_sc_hd__dfrtp_1)
   0.00    8.73   clock reconvergence pessimism
  -0.07    8.66   library setup time
           8.66   data required time
---------------------------------------------------------
           8.66   data required time
          -6.80   data arrival time
---------------------------------------------------------
           1.86   slack (MET)



==========================================================================
finish report_checks -path_delay min reg to reg
--------------------------------------------------------------------------
Startpoint: gen_pe_row[12].gen_pe_col[3].pe_inst.psum_out[0]$_DFF_PN0_
            (rising edge-triggered flip-flop clocked by core_clock)
Endpoint: gen_pe_row[13].gen_pe_col[3].pe_inst.psum_reg[0]$_DFF_PN0_
          (rising edge-triggered flip-flop clocked by core_clock)
Path Group: core_clock
Path Type: min

  Delay    Time   Description
---------------------------------------------------------
   0.00    0.00   clock core_clock (rise edge)
   0.00    0.00   clock source latency
   0.00    0.00 ^ clk (in)
   0.19    0.19 ^ wire2775/X (sky130_fd_sc_hd__buf_12)
   0.25    0.44 ^ clkbuf_0_clk/X (sky130_fd_sc_hd__clkbuf_16)
   0.23    0.67 ^ clkbuf_1_1_0_clk/X (sky130_fd_sc_hd__clkbuf_16)
   0.21    0.88 ^ clkbuf_2_3_0_clk/X (sky130_fd_sc_hd__clkbuf_16)
   0.21    1.10 ^ clkbuf_3_7_0_clk/X (sky130_fd_sc_hd__clkbuf_16)
   0.25    1.34 ^ clkbuf_4_15_0_clk/X (sky130_fd_sc_hd__clkbuf_16)
   0.21    1.55 ^ clkbuf_6_61_0_clk/X (sky130_fd_sc_hd__clkbuf_16)
   0.20    1.75 ^ clkbuf_8_245__f_clk/X (sky130_fd_sc_hd__clkbuf_16)
   0.17    1.92 ^ clkbuf_leaf_1446_clk/X (sky130_fd_sc_hd__clkbuf_16)
   0.00    1.92 ^ gen_pe_row[12].gen_pe_col[3].pe_inst.psum_out[0]$_DFF_PN0_/CLK (sky130_fd_sc_hd__dfrtp_1)
   0.32    2.24 ^ gen_pe_row[12].gen_pe_col[3].pe_inst.psum_out[0]$_DFF_PN0_/Q (sky130_fd_sc_hd__dfrtp_1)
   0.00    2.24 ^ gen_pe_row[13].gen_pe_col[3].pe_inst.psum_reg[0]$_DFF_PN0_/D (sky130_fd_sc_hd__dfrtp_1)
           2.24   data arrival time

   0.00    0.00   clock core_clock (rise edge)
   0.00    0.00   clock source latency
   0.00    0.00 ^ clk (in)
   0.19    0.19 ^ wire2775/X (sky130_fd_sc_hd__buf_12)
   0.25    0.44 ^ clkbuf_0_clk/X (sky130_fd_sc_hd__clkbuf_16)
   0.23    0.67 ^ clkbuf_1_1_0_clk/X (sky130_fd_sc_hd__clkbuf_16)
   0.21    0.88 ^ clkbuf_2_3_0_clk/X (sky130_fd_sc_hd__clkbuf_16)
   0.22    1.10 ^ clkbuf_3_6_0_clk/X (sky130_fd_sc_hd__clkbuf_16)
   0.25    1.35 ^ clkbuf_4_13_0_clk/X (sky130_fd_sc_hd__clkbuf_16)
   0.21    1.56 ^ clkbuf_6_54_0_clk/X (sky130_fd_sc_hd__clkbuf_16)
   0.29    1.85 ^ clkbuf_8_218__f_clk/X (sky130_fd_sc_hd__clkbuf_16)
   0.21    2.06 ^ clkbuf_leaf_1447_clk/X (sky130_fd_sc_hd__clkbuf_16)
   0.00    2.07 ^ gen_pe_row[13].gen_pe_col[3].pe_inst.psum_reg[0]$_DFF_PN0_/CLK (sky130_fd_sc_hd__dfrtp_1)
   0.00    2.07   clock reconvergence pessimism
  -0.03    2.03   library hold time
           2.03   data required time
---------------------------------------------------------
           2.03   data required time
          -2.24   data arrival time
---------------------------------------------------------
           0.21   slack (MET)



==========================================================================
finish critical path target clock latency max path
--------------------------------------------------------------------------
2.0140

==========================================================================
finish critical path target clock latency min path
--------------------------------------------------------------------------
2.0130

==========================================================================
finish critical path source clock latency min path
--------------------------------------------------------------------------
0.0000

==========================================================================
finish critical path delay
--------------------------------------------------------------------------
6.7970

==========================================================================
finish critical path slack
--------------------------------------------------------------------------
1.8635

==========================================================================
finish slack div critical path delay
--------------------------------------------------------------------------
27.416507

==========================================================================
finish report_power
--------------------------------------------------------------------------
Group                  Internal  Switching    Leakage      Total
                          Power      Power      Power      Power (Watts)
----------------------------------------------------------------
Sequential             2.53e-01   5.28e-02   3.31e-07   3.06e-01  23.9%
Combinational          3.59e-01   4.26e-01   4.80e-07   7.85e-01  61.3%
Clock                  1.15e-01   7.51e-02   5.60e-08   1.90e-01  14.8%
Macro                  0.00e+00   0.00e+00   0.00e+00   0.00e+00   0.0%
Pad                    0.00e+00   0.00e+00   0.00e+00   0.00e+00   0.0%
----------------------------------------------------------------
Total                  7.27e-01   5.54e-01   8.67e-07   1.28e+00 100.0%
                          56.8%      43.2%       0.0%
